---
http_interactions:
- request:
    method: get
    uri: http://localhost:3001/api-v2/bag/?admin_node=aptrust&after=2000-01-01%2000:00:00%20UTC&bag_type=I&page=1&page_size=25
    body:
      encoding: UTF-8
      string: 'null'
    headers:
      User-Agent:
      - dpn-client-aptrust (2.6.0.1, ruby 2.2.5 (2016-04-26))
      Accept:
      - "*/*"
      Date:
      - Wed, 24 Aug 2016 23:00:17 GMT
      Content-Type:
      - application/json
      Authorization:
      - Token aptrust_token
  response:
    status:
      code: 200
      message: 'OK '
    headers:
      X-Frame-Options:
      - SAMEORIGIN
      X-Xss-Protection:
      - 1; mode=block
      X-Content-Type-Options:
      - nosniff
      Content-Type:
      - application/json; charset=utf-8
      Etag:
      - W/"3ccdf7921aa83b388604ce6b2909473b"
      Cache-Control:
      - max-age=0, private, must-revalidate
      X-Request-Id:
      - d02b2d1b-66c2-470a-b427-3a72a4b7296a
      X-Runtime:
      - '0.014957'
      Server:
      - WEBrick/1.3.1 (Ruby/2.3.1/2016-04-26)
      Date:
      - Wed, 24 Aug 2016 23:00:17 GMT
      Content-Length:
      - '67'
      Connection:
      - Keep-Alive
    body:
      encoding: UTF-8
      string: '{"count":0,"next":null,"previous":null,"results":[],"total_size":0}'
    http_version: 
  recorded_at: Wed, 24 Aug 2016 23:00:17 GMT
- request:
    method: get
    uri: http://localhost:3001/api-v2/bag/?admin_node=aptrust&after=2000-01-01%2000:00:00%20UTC&bag_type=R&page=1&page_size=25
    body:
      encoding: UTF-8
      string: 'null'
    headers:
      User-Agent:
      - dpn-client-aptrust (2.6.0.1, ruby 2.2.5 (2016-04-26))
      Accept:
      - "*/*"
      Date:
      - Wed, 24 Aug 2016 23:00:17 GMT
      Content-Type:
      - application/json
      Authorization:
      - Token aptrust_token
  response:
    status:
      code: 200
      message: 'OK '
    headers:
      X-Frame-Options:
      - SAMEORIGIN
      X-Xss-Protection:
      - 1; mode=block
      X-Content-Type-Options:
      - nosniff
      Content-Type:
      - application/json; charset=utf-8
      Etag:
      - W/"3ccdf7921aa83b388604ce6b2909473b"
      Cache-Control:
      - max-age=0, private, must-revalidate
      X-Request-Id:
      - 04231d1e-0976-4afe-8fdb-f06fecc5424e
      X-Runtime:
      - '0.021696'
      Server:
      - WEBrick/1.3.1 (Ruby/2.3.1/2016-04-26)
      Date:
      - Wed, 24 Aug 2016 23:00:17 GMT
      Content-Length:
      - '67'
      Connection:
      - Keep-Alive
    body:
      encoding: UTF-8
      string: '{"count":0,"next":null,"previous":null,"results":[],"total_size":0}'
    http_version: 
  recorded_at: Wed, 24 Aug 2016 23:00:17 GMT
- request:
    method: get
    uri: http://localhost:3001/api-v2/bag/?admin_node=aptrust&after=2000-01-01%2000:00:00%20UTC&bag_type=D&page=1&page_size=25
    body:
      encoding: UTF-8
      string: 'null'
    headers:
      User-Agent:
      - dpn-client-aptrust (2.6.0.1, ruby 2.2.5 (2016-04-26))
      Accept:
      - "*/*"
      Date:
      - Wed, 24 Aug 2016 23:00:17 GMT
      Content-Type:
      - application/json
      Authorization:
      - Token aptrust_token
  response:
    status:
      code: 200
      message: 'OK '
    headers:
      X-Frame-Options:
      - SAMEORIGIN
      X-Xss-Protection:
      - 1; mode=block
      X-Content-Type-Options:
      - nosniff
      Content-Type:
      - application/json; charset=utf-8
      Etag:
      - W/"4e604635a6c7ac4ac21d61aa66cdda69"
      Cache-Control:
      - max-age=0, private, must-revalidate
      X-Request-Id:
      - 14bdd2c0-0587-4f62-8546-fad2f48f54b2
      X-Runtime:
      - '0.028568'
      Server:
      - WEBrick/1.3.1 (Ruby/2.3.1/2016-04-26)
      Date:
      - Wed, 24 Aug 2016 23:00:17 GMT
      Content-Length:
      - '480'
      Connection:
      - Keep-Alive
    body:
      encoding: UTF-8
      string: '{"count":1,"next":null,"previous":null,"results":[{"uuid":"00000000-0000-4000-a000-000000000001","local_id":"APTrust
        Bag 1","size":71680,"version":1,"created_at":"2015-09-15T17:56:03Z","updated_at":"2015-09-15T17:56:03Z","ingest_node":"aptrust","admin_node":"aptrust","member":"9a000000-0000-4000-a000-000000000001","interpretive":[],"rights":[],"replicating_nodes":["chron","hathi"],"bag_type":"D","first_version_uuid":"00000000-0000-4000-a000-000000000001"}],"total_size":71680}'
    http_version: 
  recorded_at: Wed, 24 Aug 2016 23:00:17 GMT
- request:
    method: post
    uri: http://localhost:3004/api-v2/bag/
    body:
      encoding: UTF-8
      string: '{"uuid":"00000000-0000-4000-a000-000000000001","local_id":"APTrust
        Bag 1","size":71680,"version":1,"created_at":"2015-09-15T17:56:03Z","updated_at":"2015-09-15T17:56:03Z","ingest_node":"aptrust","admin_node":"aptrust","member":"9a000000-0000-4000-a000-000000000001","interpretive":[],"rights":[],"replicating_nodes":["chron","hathi"],"bag_type":"D","first_version_uuid":"00000000-0000-4000-a000-000000000001"}'
    headers:
      User-Agent:
      - dpn-client-sdr (2.6.0.1, ruby 2.2.5 (2016-04-26))
      Accept:
      - "*/*"
      Date:
      - Wed, 24 Aug 2016 23:00:17 GMT
      Content-Type:
      - application/json
      Authorization:
      - Token sdr_token
  response:
    status:
      code: 409
      message: 'Conflict '
    headers:
      X-Frame-Options:
      - SAMEORIGIN
      X-Xss-Protection:
      - 1; mode=block
      X-Content-Type-Options:
      - nosniff
      Content-Type:
      - text/plain; charset=utf-8
      Cache-Control:
      - no-cache
      X-Request-Id:
      - 59622b61-9318-4fd9-a8b2-3ebcc508608c
      X-Runtime:
      - '0.011704'
      Server:
      - WEBrick/1.3.1 (Ruby/2.3.1/2016-04-26)
      Date:
      - Wed, 24 Aug 2016 23:00:17 GMT
      Content-Length:
      - '0'
      Connection:
      - Keep-Alive
    body:
      encoding: UTF-8
      string: ''
    http_version: 
  recorded_at: Wed, 24 Aug 2016 23:00:17 GMT
- request:
    method: put
    uri: http://localhost:3004/api-v2/bag/00000000-0000-4000-a000-000000000001/
    body:
      encoding: UTF-8
      string: '{"uuid":"00000000-0000-4000-a000-000000000001","local_id":"APTrust
        Bag 1","size":71680,"version":1,"created_at":"2015-09-15T17:56:03Z","updated_at":"2015-09-15T17:56:03Z","ingest_node":"aptrust","admin_node":"aptrust","member":"9a000000-0000-4000-a000-000000000001","interpretive":[],"rights":[],"replicating_nodes":["chron","hathi"],"bag_type":"D","first_version_uuid":"00000000-0000-4000-a000-000000000001"}'
    headers:
      User-Agent:
      - dpn-client-sdr (2.6.0.1, ruby 2.2.5 (2016-04-26))
      Accept:
      - "*/*"
      Date:
      - Wed, 24 Aug 2016 23:00:17 GMT
      Content-Type:
      - application/json
      Authorization:
      - Token sdr_token
  response:
    status:
      code: 200
      message: 'OK '
    headers:
      X-Frame-Options:
      - SAMEORIGIN
      X-Xss-Protection:
      - 1; mode=block
      X-Content-Type-Options:
      - nosniff
      Content-Type:
      - application/json; charset=utf-8
      Etag:
      - W/"41c3403687a75dde2c0187daf27eeda5"
      Cache-Control:
      - max-age=0, private, must-revalidate
      X-Request-Id:
      - 30e5cbd8-002c-46ab-b993-8656a0c9c232
      X-Runtime:
      - '0.025498'
      Server:
      - WEBrick/1.3.1 (Ruby/2.3.1/2016-04-26)
      Date:
      - Wed, 24 Aug 2016 23:00:17 GMT
      Content-Length:
      - '409'
      Connection:
      - Keep-Alive
    body:
      encoding: UTF-8
      string: '{"uuid":"00000000-0000-4000-a000-000000000001","local_id":"APTrust
        Bag 1","size":71680,"version":1,"created_at":"2015-09-15T17:56:03Z","updated_at":"2016-08-24T23:00:17Z","ingest_node":"aptrust","admin_node":"aptrust","member":"9a000000-0000-4000-a000-000000000001","interpretive":[],"rights":[],"replicating_nodes":["chron","hathi"],"bag_type":"D","first_version_uuid":"00000000-0000-4000-a000-000000000001"}'
    http_version: 
  recorded_at: Wed, 24 Aug 2016 23:00:17 GMT
recorded_with: VCR 3.0.3
