---
http_interactions:
- request:
    method: get
    uri: http://localhost:3001/api-v2/node/aptrust/
    body:
      encoding: UTF-8
      string: 'null'
    headers:
      User-Agent:
      - dpn-client-aptrust (2.6.0.1, ruby 2.2.5 (2016-04-26))
      Accept:
      - "*/*"
      Date:
      - Thu, 13 Oct 2016 00:44:54 GMT
      Content-Type:
      - application/json
      Authorization:
      - Token aptrust_token
  response:
    status:
      code: 200
      message: 'OK '
    headers:
      X-Frame-Options:
      - SAMEORIGIN
      X-Xss-Protection:
      - 1; mode=block
      X-Content-Type-Options:
      - nosniff
      Content-Type:
      - application/json; charset=utf-8
      Etag:
      - W/"86f5aaaae78a3d23be0cbc937c6f41b4"
      Cache-Control:
      - max-age=0, private, must-revalidate
      X-Request-Id:
      - 9dcf0440-4d3b-4dfc-92ef-bea03375c6b7
      X-Runtime:
      - '0.042410'
      Server:
      - WEBrick/1.3.1 (Ruby/2.3.1/2016-04-26)
      Date:
      - Thu, 13 Oct 2016 00:44:54 GMT
      Content-Length:
      - '399'
      Connection:
      - Keep-Alive
    body:
      encoding: UTF-8
      string: '{"name":"APTrust","namespace":"aptrust","api_root":"http://127.0.0.1:3001","ssh_pubkey":null,"created_at":"2015-09-15T17:39:46Z","updated_at":"2015-09-15T17:39:46Z","replicate_from":["chron","hathi","sdr","tdr"],"replicate_to":["tdr","sdr","chron","hathi"],"restore_from":[],"restore_to":[],"protocols":["rsync"],"fixity_algorithms":["sha256"],"storage":{"region":"virginia","type":"magnetic
        disk"}}'
    http_version: 
  recorded_at: Thu, 13 Oct 2016 00:44:54 GMT
- request:
    method: get
    uri: http://localhost:3002/api-v2/node/chron/
    body:
      encoding: UTF-8
      string: 'null'
    headers:
      User-Agent:
      - dpn-client-chron (2.6.0.1, ruby 2.2.5 (2016-04-26))
      Accept:
      - "*/*"
      Date:
      - Thu, 13 Oct 2016 00:44:54 GMT
      Content-Type:
      - application/json
      Authorization:
      - Token chron_token
  response:
    status:
      code: 200
      message: 'OK '
    headers:
      X-Frame-Options:
      - SAMEORIGIN
      X-Xss-Protection:
      - 1; mode=block
      X-Content-Type-Options:
      - nosniff
      Content-Type:
      - application/json; charset=utf-8
      Etag:
      - W/"31f0af1548be84312ece563c15ecdab5"
      Cache-Control:
      - max-age=0, private, must-revalidate
      X-Request-Id:
      - 08b32082-e171-4f08-ac2b-a05412845179
      X-Runtime:
      - '0.033566'
      Server:
      - WEBrick/1.3.1 (Ruby/2.3.1/2016-04-26)
      Date:
      - Thu, 13 Oct 2016 00:44:55 GMT
      Content-Length:
      - '407'
      Connection:
      - Keep-Alive
    body:
      encoding: UTF-8
      string: '{"name":"Chronopolis","namespace":"chron","api_root":"http://127.0.0.1:3002","ssh_pubkey":null,"created_at":"2015-09-15T17:39:46Z","updated_at":"2015-09-15T17:39:46Z","replicate_from":["tdr","aptrust","sdr","hathi"],"replicate_to":["hathi","aptrust","tdr","sdr"],"restore_from":[],"restore_to":[],"protocols":["rsync"],"fixity_algorithms":["sha256"],"storage":{"region":"california","type":"magnetic
        disk"}}'
    http_version: 
  recorded_at: Thu, 13 Oct 2016 00:44:55 GMT
- request:
    method: get
    uri: http://localhost:3003/api-v2/node/hathi/
    body:
      encoding: UTF-8
      string: 'null'
    headers:
      User-Agent:
      - dpn-client-hathi (2.6.0.1, ruby 2.2.5 (2016-04-26))
      Accept:
      - "*/*"
      Date:
      - Thu, 13 Oct 2016 00:44:55 GMT
      Content-Type:
      - application/json
      Authorization:
      - Token hathi_token
  response:
    status:
      code: 200
      message: 'OK '
    headers:
      X-Frame-Options:
      - SAMEORIGIN
      X-Xss-Protection:
      - 1; mode=block
      X-Content-Type-Options:
      - nosniff
      Content-Type:
      - application/json; charset=utf-8
      Etag:
      - W/"990ff8ddcfd962c8e3a9a31f8898f8ff"
      Cache-Control:
      - max-age=0, private, must-revalidate
      X-Request-Id:
      - b700f2e8-9433-4b6c-8bc5-0de6c3d1a2ce
      X-Runtime:
      - '0.033759'
      Server:
      - WEBrick/1.3.1 (Ruby/2.3.1/2016-04-26)
      Date:
      - Thu, 13 Oct 2016 00:44:55 GMT
      Content-Length:
      - '405'
      Connection:
      - Keep-Alive
    body:
      encoding: UTF-8
      string: '{"name":"Hathi Trust","namespace":"hathi","api_root":"http://127.0.0.1:3003","ssh_pubkey":null,"created_at":"2015-09-15T17:39:46Z","updated_at":"2015-09-15T17:39:46Z","replicate_from":["chron","tdr","sdr","aptrust"],"replicate_to":["tdr","sdr","aptrust","chron"],"restore_from":[],"restore_to":[],"protocols":["rsync"],"fixity_algorithms":["sha256"],"storage":{"region":"michigan","type":"magnetic
        disk"}}'
    http_version: 
  recorded_at: Thu, 13 Oct 2016 00:44:55 GMT
- request:
    method: get
    uri: http://localhost:3004/api-v2/node/sdr/
    body:
      encoding: UTF-8
      string: 'null'
    headers:
      User-Agent:
      - dpn-client-sdr (2.6.0.1, ruby 2.2.5 (2016-04-26))
      Accept:
      - "*/*"
      Date:
      - Thu, 13 Oct 2016 00:44:55 GMT
      Content-Type:
      - application/json
      Authorization:
      - Token sdr_token
  response:
    status:
      code: 200
      message: 'OK '
    headers:
      X-Frame-Options:
      - SAMEORIGIN
      X-Xss-Protection:
      - 1; mode=block
      X-Content-Type-Options:
      - nosniff
      Content-Type:
      - application/json; charset=utf-8
      Etag:
      - W/"936e7842e2466d864bb8232c93307eaa"
      Cache-Control:
      - max-age=0, private, must-revalidate
      X-Request-Id:
      - 215fc3dc-f337-41cd-86f5-40c31f4f8faf
      X-Runtime:
      - '0.039549'
      Server:
      - WEBrick/1.3.1 (Ruby/2.3.1/2016-04-26)
      Date:
      - Thu, 13 Oct 2016 00:44:55 GMT
      Content-Length:
      - '425'
      Connection:
      - Keep-Alive
    body:
      encoding: UTF-8
      string: '{"name":"Stanford Digital Repository","namespace":"sdr","api_root":"http://127.0.0.1:3004","ssh_pubkey":null,"created_at":"2015-09-15T17:39:46Z","updated_at":"2015-09-15T17:39:46Z","replicate_from":["aptrust","hathi","chron","tdr"],"replicate_to":["tdr","hathi","chron","aptrust"],"restore_from":[],"restore_to":[],"protocols":["rsync"],"fixity_algorithms":["sha256"],"storage":{"region":"california","type":"magnetic
        disk"}}'
    http_version: 
  recorded_at: Thu, 13 Oct 2016 00:44:55 GMT
- request:
    method: get
    uri: http://localhost:3005/api-v2/node/tdr/
    body:
      encoding: UTF-8
      string: 'null'
    headers:
      User-Agent:
      - dpn-client-tdr (2.6.0.1, ruby 2.2.5 (2016-04-26))
      Accept:
      - "*/*"
      Date:
      - Thu, 13 Oct 2016 00:44:55 GMT
      Content-Type:
      - application/json
      Authorization:
      - Token tdr_token
  response:
    status:
      code: 200
      message: 'OK '
    headers:
      X-Frame-Options:
      - SAMEORIGIN
      X-Xss-Protection:
      - 1; mode=block
      X-Content-Type-Options:
      - nosniff
      Content-Type:
      - application/json; charset=utf-8
      Etag:
      - W/"8d69d0c32b7acd70d43ca59c5ee662cc"
      Cache-Control:
      - max-age=0, private, must-revalidate
      X-Request-Id:
      - bb813180-26d5-4746-9976-0a3811590582
      X-Runtime:
      - '0.032711'
      Server:
      - WEBrick/1.3.1 (Ruby/2.3.1/2016-04-26)
      Date:
      - Thu, 13 Oct 2016 00:44:55 GMT
      Content-Length:
      - '417'
      Connection:
      - Keep-Alive
    body:
      encoding: UTF-8
      string: '{"name":"Texas Digital Repository","namespace":"tdr","api_root":"http://127.0.0.1:3005","ssh_pubkey":null,"created_at":"2015-09-15T17:39:46Z","updated_at":"2015-09-15T17:39:46Z","replicate_from":["aptrust","hathi","chron","sdr"],"replicate_to":["hathi","chron","sdr","aptrust"],"restore_from":[],"restore_to":[],"protocols":["rsync"],"fixity_algorithms":["sha256"],"storage":{"region":"texas","type":"magnetic
        disk"}}'
    http_version: 
  recorded_at: Thu, 13 Oct 2016 00:44:55 GMT
recorded_with: VCR 3.0.3
